// Jest Snapshot v1, https://goo.gl/fbAQLP

exports[`<Card /> should show correctly 1`] = `
.emotion-0 {
  width: 26rem;
  height: 30rem;
  border-radius: 4px;
  overflow: hidden;
  background: #fff;
  box-shadow: 0px 4px 5px 0px rgba(0, 0, 0, 0.05);
}

.emotion-1 {
  -webkit-text-decoration: none;
  text-decoration: none;
  color: inherit;
  display: -webkit-box;
  display: -webkit-flex;
  display: -ms-flexbox;
  display: flex;
  -webkit-flex-direction: column;
  -ms-flex-direction: column;
  flex-direction: column;
  width: 100%;
  height: 100%;
}

.emotion-3 {
  width: 100%;
  height: 14rem;
  background: #e6e6e6;
}

.emotion-4 {
  display: block;
  width: 100%;
}

.emotion-5 {
  padding: 2rem 1.6rem;
  -webkit-flex: 1;
  -ms-flex: 1;
  flex: 1;
  display: -webkit-box;
  display: -webkit-flex;
  display: -ms-flexbox;
  display: flex;
  -webkit-flex-direction: column;
  -ms-flex-direction: column;
  flex-direction: column;
}

.emotion-6 {
  color: #212121;
  font: bold 1.6rem/1 sans-serif;
  font-family: inherit;
  margin-bottom: 1.4rem;
}

.emotion-7 {
  -webkit-flex: 1;
  -ms-flex: 1;
  flex: 1;
  display: -webkit-box;
  display: -ms-flexbox;
  display: box;
  overflow: hidden;
  max-height: 5.7rem;
  margin-bottom: 1.4rem;
  overflow: hidden;
  vertical-align: top;
  text-overflow: ellipsis;
  word-break: break-all;
  -webkit-box-orient: vertical;
  -webkit-line-clamp: 3;
}

.emotion-8 {
  color: #757575;
  font: normal 1.4rem/1.4 sans-serif;
  font-family: inherit;
}

.emotion-9 {
  color: #9E9E9E;
  font: normal 1.4rem/1.4 sans-serif;
  font-family: inherit;
}

<div>
  <div
    class="emotion-0"
  >
    <a
      class="emotion-1 emotion-2"
      href="/"
    >
      <figure
        class="emotion-3"
      >
        <img
          alt=""
          class="emotion-4"
          src="https://via.placeholder.com/150"
        />
      </figure>
      <div
        class="emotion-5"
      >
        <p
          class="emotion-6"
        >
          Card title
        </p>
        <div
          class="emotion-7"
        >
          <span
            class="emotion-8"
          >
            blah blah
          </span>
        </div>
        <div>
          <span
            class="emotion-9"
          >
            xxxx-xx-xx
             · ☕️ ️
            3
             min read
          </span>
        </div>
      </div>
    </a>
  </div>
</div>
`;
