// Jest Snapshot v1, https://goo.gl/fbAQLP

exports[`<Link /> should show correctly 1`] = `
.emotion-0 {
  -webkit-text-decoration: none;
  text-decoration: none;
  color: inherit;
}

<div>
  <a
    class="emotion-0 emotion-1"
    href="."
  />
</div>
`;
